FF..F....................FFFFF.......................................... [ 97%]
..                                                                       [100%]
================================== FAILURES ===================================
__________________ test_calibrate_pen_writes_motion_profile ___________________
tests\test_cli.py:50: in test_calibrate_pen_writes_motion_profile
    exit_code = cli.main(
src\pydrawcore\cli.py:1428: in main
    return handler(args)
src\pydrawcore\cli.py:1303: in _cmd_calibrate_pen
    calibrated_motion, calibrated_workspace = _build_calibrated_motion_config(args, motion)
src\pydrawcore\cli.py:885: in _build_calibrated_motion_config
    pen_down_position = _probe_pen_down(controller, midpoint=midpoint, step=step)
src\pydrawcore\cli.py:770: in _probe_pen_down
    response = input(f"Dot visible at Z={position}? [y/Enter/q] ").strip().lower()
tests\test_cli.py:48: in <lambda>
    monkeypatch.setattr("builtins.input", lambda _prompt: next(answers))
E   StopIteration
---------------------------- Captured stdout call -----------------------------
Moving XY to the centre of the safe workspace (105.029 mm, 149.987 mm) and Z to 5 mm.
Plot-origin calibration: enter the distance from machine home to the desired plotting origin. The machine will move there so you can verify the position.
Enter a numeric value or q to quit.
Enter a numeric value or q to quit.
Pen-down calibration: each Enter tests a deeper touch by moving to the candidate Z, then back to the midpoint. Type y when the dot is clear enough, or q to quit.
________ test_calibrate_pen_uses_safe_limits_when_user_keeps_advancing ________
tests\test_cli.py:97: in test_calibrate_pen_uses_safe_limits_when_user_keeps_advancing
    exit_code = cli.main(["calibrate-pen", "--config-dir", str(config_dir), "--midpoint", "5.0", "--step", "1.0"])
src\pydrawcore\cli.py:1428: in main
    return handler(args)
src\pydrawcore\cli.py:1303: in _cmd_calibrate_pen
    calibrated_motion, calibrated_workspace = _build_calibrated_motion_config(args, motion)
src\pydrawcore\cli.py:878: in _build_calibrated_motion_config
    origin_offset_x_mm, origin_offset_y_mm = _calibrate_plot_origin_offset(
src\pydrawcore\cli.py:836: in _calibrate_plot_origin_offset
    candidate_x_mm, candidate_y_mm = _prompt_xy_offset(
src\pydrawcore\cli.py:814: in _prompt_xy_offset
    x_mm = _prompt_float_with_default(f"{message} X offset in mm", default=default_x)
src\pydrawcore\cli.py:423: in _prompt_float_with_default
    response = input(f"{message} [{default:g}] ").strip().lower()
tests\test_cli.py:95: in <lambda>
    monkeypatch.setattr("builtins.input", lambda _prompt: next(answers))
E   StopIteration
---------------------------- Captured stdout call -----------------------------
Moving XY to the centre of the safe workspace (105.029 mm, 149.987 mm) and Z to 5 mm.
Plot-origin calibration: enter the distance from machine home to the desired plotting origin. The machine will move there so you can verify the position.
Enter a numeric value or q to quit.
___________ test_calibrate_pen_saves_default_profile_in_config_dir ____________
tests\test_cli.py:205: in test_calibrate_pen_saves_default_profile_in_config_dir
    exit_code = cli.main(["calibrate-pen", "--config-dir", str(config_dir), "--midpoint", "5.0", "--step", "0.5"])
src\pydrawcore\cli.py:1428: in main
    return handler(args)
src\pydrawcore\cli.py:1303: in _cmd_calibrate_pen
    calibrated_motion, calibrated_workspace = _build_calibrated_motion_config(args, motion)
src\pydrawcore\cli.py:885: in _build_calibrated_motion_config
    pen_down_position = _probe_pen_down(controller, midpoint=midpoint, step=step)
src\pydrawcore\cli.py:770: in _probe_pen_down
    response = input(f"Dot visible at Z={position}? [y/Enter/q] ").strip().lower()
tests\test_cli.py:203: in <lambda>
    monkeypatch.setattr("builtins.input", lambda _prompt: next(answers))
E   StopIteration
---------------------------- Captured stdout call -----------------------------
Moving XY to the centre of the safe workspace (105.029 mm, 149.987 mm) and Z to 5 mm.
Plot-origin calibration: enter the distance from machine home to the desired plotting origin. The machine will move there so you can verify the position.
Enter a numeric value or q to quit.
Enter a numeric value or q to quit.
Pen-down calibration: each Enter tests a deeper touch by moving to the candidate Z, then back to the midpoint. Type y when the dot is clear enough, or q to quit.
_______________ test_calibrate_line_width_saves_motion_profile ________________
tests\test_cli.py:846: in test_calibrate_line_width_saves_motion_profile
    exit_code = cli.main(
src\pydrawcore\cli.py:1428: in main
    return handler(args)
src\pydrawcore\cli.py:1322: in _cmd_calibrate_line_width
    calibrated_line_width = _build_line_width_calibration(args, motion)
src\pydrawcore\cli.py:647: in _build_line_width_calibration
    raw = input(
tests\test_cli.py:844: in <lambda>
    monkeypatch.setattr("builtins.input", lambda _prompt: next(answers))
E   StopIteration
---------------------------- Captured stdout call -----------------------------
Drawing 3 line-width samples with feed-rate annotations. Measure all line widths in mm once drawing is complete.
All samples drawn. Sample order (top to bottom):
  [1] feed rate = 400
  [2] feed rate = 566
  [3] feed rate = 800
Expected 3 values, got 1. Try again.
Expected 3 values, got 1. Try again.
Expected 3 values, got 1. Try again.
________________ test_calibrate_blot_size_saves_motion_profile ________________
tests\test_cli.py:913: in test_calibrate_blot_size_saves_motion_profile
    exit_code = cli.main(
src\pydrawcore\cli.py:1428: in main
    return handler(args)
src\pydrawcore\cli.py:1332: in _cmd_calibrate_blot_size
    calibrated_blot_size = _build_blot_delay_calibration(args, motion)
src\pydrawcore\cli.py:732: in _build_blot_delay_calibration
    raw = input(
tests\test_cli.py:911: in <lambda>
    monkeypatch.setattr("builtins.input", lambda _prompt: next(answers))
E   StopIteration
---------------------------- Captured stdout call -----------------------------
Creating 3 blot samples with dwell-time annotations. Measure all blot diameters in mm once drawing is complete.
All samples drawn. Sample order (top to bottom):
  [1] dwell = 50 ms
  [2] dwell = 87 ms
  [3] dwell = 150 ms
Expected 3 values, got 1. Try again.
Expected 3 values, got 1. Try again.
Expected 3 values, got 1. Try again.
____________ test_calibrate_line_width_prompts_for_range_defaults _____________
tests\test_cli.py:975: in test_calibrate_line_width_prompts_for_range_defaults
    exit_code = cli.main([
src\pydrawcore\cli.py:1428: in main
    return handler(args)
src\pydrawcore\cli.py:1322: in _cmd_calibrate_line_width
    calibrated_line_width = _build_line_width_calibration(args, motion)
src\pydrawcore\cli.py:647: in _build_line_width_calibration
    raw = input(
tests\test_cli.py:973: in <lambda>
    monkeypatch.setattr("builtins.input", lambda _prompt: next(answers))
E   StopIteration
---------------------------- Captured stdout call -----------------------------
Drawing 2 line-width samples with feed-rate annotations. Measure all line widths in mm once drawing is complete.
All samples drawn. Sample order (top to bottom):
  [1] feed rate = 25
  [2] feed rate = 1200
Expected 2 values, got 1. Try again.
Expected 2 values, got 1. Try again.
__________ test_calibrate_blot_size_prompts_for_long_range_defaults ___________
tests\test_cli.py:1006: in test_calibrate_blot_size_prompts_for_long_range_defaults
    exit_code = cli.main([
src\pydrawcore\cli.py:1428: in main
    return handler(args)
src\pydrawcore\cli.py:1332: in _cmd_calibrate_blot_size
    calibrated_blot_size = _build_blot_delay_calibration(args, motion)
src\pydrawcore\cli.py:732: in _build_blot_delay_calibration
    raw = input(
tests\test_cli.py:1004: in <lambda>
    monkeypatch.setattr("builtins.input", lambda _prompt: next(answers))
E   StopIteration
---------------------------- Captured stdout call -----------------------------
Creating 2 blot samples with dwell-time annotations. Measure all blot diameters in mm once drawing is complete.
All samples drawn. Sample order (top to bottom):
  [1] dwell = 100 ms
  [2] dwell = 30000 ms
Expected 2 values, got 1. Try again.
Expected 2 values, got 1. Try again.
________________ test_calibrate_blot_size_uses_host_side_sleep ________________
tests\test_cli.py:1039: in test_calibrate_blot_size_uses_host_side_sleep
    exit_code = cli.main([
src\pydrawcore\cli.py:1428: in main
    return handler(args)
src\pydrawcore\cli.py:1332: in _cmd_calibrate_blot_size
    calibrated_blot_size = _build_blot_delay_calibration(args, motion)
src\pydrawcore\cli.py:732: in _build_blot_delay_calibration
    raw = input(
tests\test_cli.py:1036: in <lambda>
    monkeypatch.setattr("builtins.input", lambda _prompt: next(answers))
E   StopIteration
---------------------------- Captured stdout call -----------------------------
Creating 2 blot samples with dwell-time annotations. Measure all blot diameters in mm once drawing is complete.
All samples drawn. Sample order (top to bottom):
  [1] dwell = 1000 ms
  [2] dwell = 30000 ms
Expected 2 values, got 1. Try again.
Expected 2 values, got 1. Try again.
=========================== short test summary info ===========================
FAILED tests/test_cli.py::test_calibrate_pen_writes_motion_profile - StopIter...
FAILED tests/test_cli.py::test_calibrate_pen_uses_safe_limits_when_user_keeps_advancing
FAILED tests/test_cli.py::test_calibrate_pen_saves_default_profile_in_config_dir
FAILED tests/test_cli.py::test_calibrate_line_width_saves_motion_profile - St...
FAILED tests/test_cli.py::test_calibrate_blot_size_saves_motion_profile - Sto...
FAILED tests/test_cli.py::test_calibrate_line_width_prompts_for_range_defaults
FAILED tests/test_cli.py::test_calibrate_blot_size_prompts_for_long_range_defaults
FAILED tests/test_cli.py::test_calibrate_blot_size_uses_host_side_sleep - Sto...
